[0.018s] Invoking command in '/home/luchino/RT1_first_assignment/src/build/pck_assignment1': CMAKE_PREFIX_PATH=${CMAKE_PREFIX_PATH}:/home/luchino/ros_ws/install/first_package_py:/opt/ros/jazzy /usr/bin/cmake /home/luchino/RT1_first_assignment/src/pck_assignment1 -DCMAKE_INSTALL_PREFIX=/home/luchino/RT1_first_assignment/src/install/pck_assignment1
[0.529s] -- The C compiler identification is GNU 13.3.0
[1.279s] -- The CXX compiler identification is GNU 13.3.0
[1.969s] -- Detecting C compiler ABI info
[2.449s] -- Detecting C compiler ABI info - done
[2.461s] -- Check for working C compiler: /usr/bin/cc - skipped
[2.465s] -- Detecting C compile features
[2.466s] -- Detecting C compile features - done
[2.698s] -- Detecting CXX compiler ABI info
[3.254s] -- Detecting CXX compiler ABI info - done
[3.264s] -- Check for working CXX compiler: /usr/bin/c++ - skipped
[3.264s] -- Detecting CXX compile features
[3.265s] -- Detecting CXX compile features - done
[3.293s] -- Found ament_cmake: 2.5.4 (/opt/ros/jazzy/share/ament_cmake/cmake)
[3.448s] -- Found Python3: /usr/bin/python3 (found version "3.12.3") found components: Interpreter 
[3.640s] -- Found rclcpp: 28.1.12 (/opt/ros/jazzy/share/rclcpp/cmake)
[4.365s] -- Found rosidl_generator_c: 4.6.6 (/opt/ros/jazzy/share/rosidl_generator_c/cmake)
[4.415s] -- Found rosidl_generator_cpp: 4.6.6 (/opt/ros/jazzy/share/rosidl_generator_cpp/cmake)
[4.504s] -- Using all available rosidl_typesupport_c: rosidl_typesupport_fastrtps_c;rosidl_typesupport_introspection_c
[4.587s] -- Using all available rosidl_typesupport_cpp: rosidl_typesupport_fastrtps_cpp;rosidl_typesupport_introspection_cpp
[4.859s] -- Found rmw_implementation_cmake: 7.3.2 (/opt/ros/jazzy/share/rmw_implementation_cmake/cmake)
[4.866s] -- Found rmw_fastrtps_cpp: 8.4.3 (/opt/ros/jazzy/share/rmw_fastrtps_cpp/cmake)
[5.066s] -- Found OpenSSL: /usr/lib/x86_64-linux-gnu/libcrypto.so (found version "3.0.13")  
[5.638s] -- Found FastRTPS: /opt/ros/jazzy/include (Required is at least version "2.13") 
[5.951s] -- Using RMW implementation 'rmw_fastrtps_cpp' as default
[6.583s] -- Found std_msgs: 5.3.6 (/opt/ros/jazzy/share/std_msgs/cmake)
[6.634s] -- Found geometry_msgs: 5.3.6 (/opt/ros/jazzy/share/geometry_msgs/cmake)
[6.687s] -- Found turtlesim: 1.8.3 (/opt/ros/jazzy/share/turtlesim/cmake)
[6.856s] -- Found ament_lint_auto: 0.17.3 (/opt/ros/jazzy/share/ament_lint_auto/cmake)
[7.084s] -- Added test 'cppcheck' to perform static code analysis on C / C++ code
[7.084s] -- Configured cppcheck include dirs: 
[7.084s] -- Configured cppcheck exclude dirs and/or files: 
[7.086s] -- Added test 'flake8' to check Python code syntax and style conventions
[7.086s] -- Configured 'flake8' exclude dirs and/or files: 
[7.089s] -- Added test 'lint_cmake' to check CMake code style
[7.091s] -- Added test 'pep257' to check Python code against some of the docstring style conventions in PEP 257
[7.093s] -- Added test 'uncrustify' to check C / C++ code style
[7.093s] -- Configured uncrustify additional arguments: 
[7.095s] -- Added test 'xmllint' to check XML markup files
[7.101s] -- Configuring done (6.9s)
[7.137s] -- Generating done (0.0s)
[7.148s] -- Build files have been written to: /home/luchino/RT1_first_assignment/src/build/pck_assignment1
[7.163s] Invoked command in '/home/luchino/RT1_first_assignment/src/build/pck_assignment1' returned '0': CMAKE_PREFIX_PATH=${CMAKE_PREFIX_PATH}:/home/luchino/ros_ws/install/first_package_py:/opt/ros/jazzy /usr/bin/cmake /home/luchino/RT1_first_assignment/src/pck_assignment1 -DCMAKE_INSTALL_PREFIX=/home/luchino/RT1_first_assignment/src/install/pck_assignment1
[7.166s] Invoking command in '/home/luchino/RT1_first_assignment/src/build/pck_assignment1': CMAKE_PREFIX_PATH=${CMAKE_PREFIX_PATH}:/home/luchino/ros_ws/install/first_package_py:/opt/ros/jazzy /usr/bin/cmake --build /home/luchino/RT1_first_assignment/src/build/pck_assignment1 -- -j8 -l8
[7.267s] [ 25%] [32mBuilding CXX object CMakeFiles/distance.dir/src/distance_node.cpp.o[0m
[7.269s] [ 50%] [32mBuilding CXX object CMakeFiles/ui.dir/src/ui_node.cpp.o[0m
[17.191s] [ 75%] [32m[1mLinking CXX executable ui[0m
[17.746s] [ 75%] Built target ui
[22.191s] [100%] [32m[1mLinking CXX executable distance[0m
[22.965s] [100%] Built target distance
[22.975s] Invoked command in '/home/luchino/RT1_first_assignment/src/build/pck_assignment1' returned '0': CMAKE_PREFIX_PATH=${CMAKE_PREFIX_PATH}:/home/luchino/ros_ws/install/first_package_py:/opt/ros/jazzy /usr/bin/cmake --build /home/luchino/RT1_first_assignment/src/build/pck_assignment1 -- -j8 -l8
[22.985s] Invoking command in '/home/luchino/RT1_first_assignment/src/build/pck_assignment1': CMAKE_PREFIX_PATH=${CMAKE_PREFIX_PATH}:/home/luchino/ros_ws/install/first_package_py:/opt/ros/jazzy /usr/bin/cmake --install /home/luchino/RT1_first_assignment/src/build/pck_assignment1
[22.991s] -- Install configuration: ""
[22.992s] -- Installing: /home/luchino/RT1_first_assignment/src/install/pck_assignment1/lib/pck_assignment1/ui
[22.998s] -- Set non-toolchain portion of runtime path of "/home/luchino/RT1_first_assignment/src/install/pck_assignment1/lib/pck_assignment1/ui" to ""
[22.998s] -- Installing: /home/luchino/RT1_first_assignment/src/install/pck_assignment1/lib/pck_assignment1/distance
[23.004s] -- Set non-toolchain portion of runtime path of "/home/luchino/RT1_first_assignment/src/install/pck_assignment1/lib/pck_assignment1/distance" to ""
[23.004s] -- Installing: /home/luchino/RT1_first_assignment/src/install/pck_assignment1/lib/pck_assignment1/turtle_spawn.py
[23.005s] -- Installing: /home/luchino/RT1_first_assignment/src/install/pck_assignment1/share/ament_index/resource_index/package_run_dependencies/pck_assignment1
[23.006s] -- Installing: /home/luchino/RT1_first_assignment/src/install/pck_assignment1/share/ament_index/resource_index/parent_prefix_path/pck_assignment1
[23.006s] -- Installing: /home/luchino/RT1_first_assignment/src/install/pck_assignment1/share/pck_assignment1/environment/ament_prefix_path.sh
[23.006s] -- Installing: /home/luchino/RT1_first_assignment/src/install/pck_assignment1/share/pck_assignment1/environment/ament_prefix_path.dsv
[23.006s] -- Installing: /home/luchino/RT1_first_assignment/src/install/pck_assignment1/share/pck_assignment1/environment/path.sh
[23.007s] -- Installing: /home/luchino/RT1_first_assignment/src/install/pck_assignment1/share/pck_assignment1/environment/path.dsv
[23.007s] -- Installing: /home/luchino/RT1_first_assignment/src/install/pck_assignment1/share/pck_assignment1/local_setup.bash
[23.007s] -- Installing: /home/luchino/RT1_first_assignment/src/install/pck_assignment1/share/pck_assignment1/local_setup.sh
[23.007s] -- Installing: /home/luchino/RT1_first_assignment/src/install/pck_assignment1/share/pck_assignment1/local_setup.zsh
[23.007s] -- Installing: /home/luchino/RT1_first_assignment/src/install/pck_assignment1/share/pck_assignment1/local_setup.dsv
[23.008s] -- Installing: /home/luchino/RT1_first_assignment/src/install/pck_assignment1/share/pck_assignment1/package.dsv
[23.008s] -- Installing: /home/luchino/RT1_first_assignment/src/install/pck_assignment1/share/ament_index/resource_index/packages/pck_assignment1
[23.008s] -- Installing: /home/luchino/RT1_first_assignment/src/install/pck_assignment1/share/pck_assignment1/cmake/pck_assignment1Config.cmake
[23.008s] -- Installing: /home/luchino/RT1_first_assignment/src/install/pck_assignment1/share/pck_assignment1/cmake/pck_assignment1Config-version.cmake
[23.008s] -- Installing: /home/luchino/RT1_first_assignment/src/install/pck_assignment1/share/pck_assignment1/package.xml
[23.011s] Invoked command in '/home/luchino/RT1_first_assignment/src/build/pck_assignment1' returned '0': CMAKE_PREFIX_PATH=${CMAKE_PREFIX_PATH}:/home/luchino/ros_ws/install/first_package_py:/opt/ros/jazzy /usr/bin/cmake --install /home/luchino/RT1_first_assignment/src/build/pck_assignment1
