[0.712s] DEBUG:colcon:Command line arguments: ['/usr/bin/colcon', 'build']
[0.713s] DEBUG:colcon:Parsed command line arguments: Namespace(log_base=None, log_level=None, verb_name='build', build_base='build', install_base='install', merge_install=False, symlink_install=False, test_result_base=None, continue_on_error=False, executor='parallel', parallel_workers=8, event_handlers=None, ignore_user_meta=False, metas=['./colcon.meta'], base_paths=['.'], packages_ignore=None, packages_ignore_regex=None, paths=None, packages_up_to=None, packages_up_to_regex=None, packages_above=None, packages_above_and_dependencies=None, packages_above_depth=None, packages_select_by_dep=None, packages_skip_by_dep=None, packages_skip_up_to=None, packages_select_build_failed=False, packages_skip_build_finished=False, packages_select_test_failures=False, packages_skip_test_passed=False, packages_select=None, packages_skip=None, packages_select_regex=None, packages_skip_regex=None, packages_start=None, packages_end=None, allow_overriding=[], cmake_args=None, cmake_target=None, cmake_target_skip_unavailable=False, cmake_clean_cache=False, cmake_clean_first=False, cmake_force_configure=False, ament_cmake_args=None, catkin_cmake_args=None, catkin_skip_building_tests=False, mixin_files=None, mixin=None, verb_parser=<colcon_mixin.mixin.mixin_argument.MixinArgumentDecorator object at 0x74ed89531ca0>, verb_extension=<colcon_core.verb.build.BuildVerb object at 0x74ed89604680>, main=<bound method BuildVerb.main of <colcon_core.verb.build.BuildVerb object at 0x74ed89604680>>, mixin_verb=('build',))
[0.816s] Level 1:colcon.colcon_core.package_discovery:discover_packages(colcon_meta) check parameters
[0.816s] Level 1:colcon.colcon_core.package_discovery:discover_packages(recursive) check parameters
[0.817s] Level 1:colcon.colcon_core.package_discovery:discover_packages(ignore) check parameters
[0.817s] Level 1:colcon.colcon_core.package_discovery:discover_packages(path) check parameters
[0.817s] Level 1:colcon.colcon_core.package_discovery:discover_packages(colcon_meta) discover
[0.817s] Level 1:colcon.colcon_core.package_discovery:discover_packages(recursive) discover
[0.817s] INFO:colcon.colcon_core.package_discovery:Crawling recursively for packages in '/home/luchino/RT1_first_assignment/src'
[0.817s] Level 1:colcon.colcon_core.package_identification:_identify(.) by extensions ['ignore', 'ignore_ament_install']
[0.817s] Level 1:colcon.colcon_core.package_identification:_identify(.) by extension 'ignore'
[0.817s] Level 1:colcon.colcon_core.package_identification:_identify(.) by extension 'ignore_ament_install'
[0.817s] Level 1:colcon.colcon_core.package_identification:_identify(.) by extensions ['colcon_pkg']
[0.817s] Level 1:colcon.colcon_core.package_identification:_identify(.) by extension 'colcon_pkg'
[0.817s] Level 1:colcon.colcon_core.package_identification:_identify(.) by extensions ['colcon_meta']
[0.817s] Level 1:colcon.colcon_core.package_identification:_identify(.) by extension 'colcon_meta'
[0.817s] Level 1:colcon.colcon_core.package_identification:_identify(.) by extensions ['ros']
[0.817s] Level 1:colcon.colcon_core.package_identification:_identify(.) by extension 'ros'
[0.858s] Level 1:colcon.colcon_core.package_identification:_identify(.) by extensions ['cmake', 'python']
[0.858s] Level 1:colcon.colcon_core.package_identification:_identify(.) by extension 'cmake'
[0.858s] Level 1:colcon.colcon_core.package_identification:_identify(.) by extension 'python'
[0.858s] Level 1:colcon.colcon_core.package_identification:_identify(.) by extensions ['python_setup_py']
[0.858s] Level 1:colcon.colcon_core.package_identification:_identify(.) by extension 'python_setup_py'
[0.859s] Level 1:colcon.colcon_core.package_identification:_identify(build) by extensions ['ignore', 'ignore_ament_install']
[0.859s] Level 1:colcon.colcon_core.package_identification:_identify(build) by extension 'ignore'
[0.859s] Level 1:colcon.colcon_core.package_identification:_identify(build) ignored
[0.859s] Level 1:colcon.colcon_core.package_identification:_identify(install) by extensions ['ignore', 'ignore_ament_install']
[0.859s] Level 1:colcon.colcon_core.package_identification:_identify(install) by extension 'ignore'
[0.859s] Level 1:colcon.colcon_core.package_identification:_identify(install) ignored
[0.859s] Level 1:colcon.colcon_core.package_identification:_identify(log) by extensions ['ignore', 'ignore_ament_install']
[0.859s] Level 1:colcon.colcon_core.package_identification:_identify(log) by extension 'ignore'
[0.859s] Level 1:colcon.colcon_core.package_identification:_identify(log) ignored
[0.859s] Level 1:colcon.colcon_core.package_identification:_identify(pck_assignment1) by extensions ['ignore', 'ignore_ament_install']
[0.859s] Level 1:colcon.colcon_core.package_identification:_identify(pck_assignment1) by extension 'ignore'
[0.859s] Level 1:colcon.colcon_core.package_identification:_identify(pck_assignment1) by extension 'ignore_ament_install'
[0.859s] Level 1:colcon.colcon_core.package_identification:_identify(pck_assignment1) by extensions ['colcon_pkg']
[0.859s] Level 1:colcon.colcon_core.package_identification:_identify(pck_assignment1) by extension 'colcon_pkg'
[0.860s] Level 1:colcon.colcon_core.package_identification:_identify(pck_assignment1) by extensions ['colcon_meta']
[0.860s] Level 1:colcon.colcon_core.package_identification:_identify(pck_assignment1) by extension 'colcon_meta'
[0.860s] Level 1:colcon.colcon_core.package_identification:_identify(pck_assignment1) by extensions ['ros']
[0.860s] Level 1:colcon.colcon_core.package_identification:_identify(pck_assignment1) by extension 'ros'
[0.863s] DEBUG:colcon.colcon_core.package_identification:Package 'pck_assignment1' with type 'ros.ament_cmake' and name 'pck_assignment1'
[0.864s] Level 1:colcon.colcon_core.package_discovery:discover_packages(recursive) using defaults
[0.864s] Level 1:colcon.colcon_core.package_discovery:discover_packages(ignore) discover
[0.864s] Level 1:colcon.colcon_core.package_discovery:discover_packages(ignore) using defaults
[0.864s] Level 1:colcon.colcon_core.package_discovery:discover_packages(path) discover
[0.864s] Level 1:colcon.colcon_core.package_discovery:discover_packages(path) using defaults
[0.899s] Level 1:colcon.colcon_core.package_discovery:discover_packages(prefix_path) check parameters
[0.899s] Level 1:colcon.colcon_core.package_discovery:discover_packages(prefix_path) discover
[0.907s] DEBUG:colcon.colcon_installed_package_information.package_discovery:Found 3 installed packages in /home/luchino/ros_ws/install
[0.909s] DEBUG:colcon.colcon_installed_package_information.package_discovery:Found 196 installed packages in /opt/ros/jazzy
[0.909s] Level 1:colcon.colcon_core.package_discovery:discover_packages(prefix_path) using defaults
[0.997s] Level 5:colcon.colcon_core.verb:set package 'pck_assignment1' build argument 'cmake_args' from command line to 'None'
[0.997s] Level 5:colcon.colcon_core.verb:set package 'pck_assignment1' build argument 'cmake_target' from command line to 'None'
[0.997s] Level 5:colcon.colcon_core.verb:set package 'pck_assignment1' build argument 'cmake_target_skip_unavailable' from command line to 'False'
[0.997s] Level 5:colcon.colcon_core.verb:set package 'pck_assignment1' build argument 'cmake_clean_cache' from command line to 'False'
[0.997s] Level 5:colcon.colcon_core.verb:set package 'pck_assignment1' build argument 'cmake_clean_first' from command line to 'False'
[0.997s] Level 5:colcon.colcon_core.verb:set package 'pck_assignment1' build argument 'cmake_force_configure' from command line to 'False'
[0.997s] Level 5:colcon.colcon_core.verb:set package 'pck_assignment1' build argument 'ament_cmake_args' from command line to 'None'
[0.997s] Level 5:colcon.colcon_core.verb:set package 'pck_assignment1' build argument 'catkin_cmake_args' from command line to 'None'
[0.997s] Level 5:colcon.colcon_core.verb:set package 'pck_assignment1' build argument 'catkin_skip_building_tests' from command line to 'False'
[0.997s] DEBUG:colcon.colcon_core.verb:Building package 'pck_assignment1' with the following arguments: {'ament_cmake_args': None, 'build_base': '/home/luchino/RT1_first_assignment/src/build/pck_assignment1', 'catkin_cmake_args': None, 'catkin_skip_building_tests': False, 'cmake_args': None, 'cmake_clean_cache': False, 'cmake_clean_first': False, 'cmake_force_configure': False, 'cmake_target': None, 'cmake_target_skip_unavailable': False, 'install_base': '/home/luchino/RT1_first_assignment/src/install/pck_assignment1', 'merge_install': False, 'path': '/home/luchino/RT1_first_assignment/src/pck_assignment1', 'symlink_install': False, 'test_result_base': None}
[0.997s] INFO:colcon.colcon_core.executor:Executing jobs using 'parallel' executor
[0.998s] DEBUG:colcon.colcon_parallel_executor.executor.parallel:run_until_complete
[0.999s] INFO:colcon.colcon_ros.task.ament_cmake.build:Building ROS package in '/home/luchino/RT1_first_assignment/src/pck_assignment1' with build type 'ament_cmake'
[0.999s] INFO:colcon.colcon_cmake.task.cmake.build:Building CMake package in '/home/luchino/RT1_first_assignment/src/pck_assignment1'
[1.006s] INFO:colcon.colcon_core.plugin_system:Skipping extension 'colcon_core.shell.bat': Not used on non-Windows systems
[1.006s] INFO:colcon.colcon_core.shell:Skip shell extension 'powershell' for command environment: Not usable outside of PowerShell
[1.007s] DEBUG:colcon.colcon_core.shell:Skip shell extension 'dsv' for command environment
[1.017s] DEBUG:colcon.colcon_core.event_handler.log_command:Invoking command in '/home/luchino/RT1_first_assignment/src/build/pck_assignment1': CMAKE_PREFIX_PATH=${CMAKE_PREFIX_PATH}:/home/luchino/ros_ws/install/first_package_py:/opt/ros/jazzy /usr/bin/cmake /home/luchino/RT1_first_assignment/src/pck_assignment1 -DCMAKE_INSTALL_PREFIX=/home/luchino/RT1_first_assignment/src/install/pck_assignment1
[8.162s] DEBUG:colcon.colcon_core.event_handler.log_command:Invoked command in '/home/luchino/RT1_first_assignment/src/build/pck_assignment1' returned '0': CMAKE_PREFIX_PATH=${CMAKE_PREFIX_PATH}:/home/luchino/ros_ws/install/first_package_py:/opt/ros/jazzy /usr/bin/cmake /home/luchino/RT1_first_assignment/src/pck_assignment1 -DCMAKE_INSTALL_PREFIX=/home/luchino/RT1_first_assignment/src/install/pck_assignment1
[8.165s] DEBUG:colcon.colcon_core.event_handler.log_command:Invoking command in '/home/luchino/RT1_first_assignment/src/build/pck_assignment1': CMAKE_PREFIX_PATH=${CMAKE_PREFIX_PATH}:/home/luchino/ros_ws/install/first_package_py:/opt/ros/jazzy /usr/bin/cmake --build /home/luchino/RT1_first_assignment/src/build/pck_assignment1 -- -j8 -l8
[23.975s] DEBUG:colcon.colcon_core.event_handler.log_command:Invoked command in '/home/luchino/RT1_first_assignment/src/build/pck_assignment1' returned '0': CMAKE_PREFIX_PATH=${CMAKE_PREFIX_PATH}:/home/luchino/ros_ws/install/first_package_py:/opt/ros/jazzy /usr/bin/cmake --build /home/luchino/RT1_first_assignment/src/build/pck_assignment1 -- -j8 -l8
[23.984s] DEBUG:colcon.colcon_core.event_handler.log_command:Invoking command in '/home/luchino/RT1_first_assignment/src/build/pck_assignment1': CMAKE_PREFIX_PATH=${CMAKE_PREFIX_PATH}:/home/luchino/ros_ws/install/first_package_py:/opt/ros/jazzy /usr/bin/cmake --install /home/luchino/RT1_first_assignment/src/build/pck_assignment1
[24.009s] Level 1:colcon.colcon_core.environment:create_environment_scripts_only(pck_assignment1)
[24.010s] DEBUG:colcon.colcon_core.event_handler.log_command:Invoked command in '/home/luchino/RT1_first_assignment/src/build/pck_assignment1' returned '0': CMAKE_PREFIX_PATH=${CMAKE_PREFIX_PATH}:/home/luchino/ros_ws/install/first_package_py:/opt/ros/jazzy /usr/bin/cmake --install /home/luchino/RT1_first_assignment/src/build/pck_assignment1
[24.023s] Level 1:colcon.colcon_core.environment:checking '/home/luchino/RT1_first_assignment/src/install/pck_assignment1' for CMake module files
[24.024s] Level 1:colcon.colcon_core.environment:checking '/home/luchino/RT1_first_assignment/src/install/pck_assignment1' for CMake config files
[24.025s] Level 1:colcon.colcon_core.shell:create_environment_hook('pck_assignment1', 'cmake_prefix_path')
[24.025s] INFO:colcon.colcon_core.shell:Creating environment hook '/home/luchino/RT1_first_assignment/src/install/pck_assignment1/share/pck_assignment1/hook/cmake_prefix_path.ps1'
[24.027s] INFO:colcon.colcon_core.shell:Creating environment descriptor '/home/luchino/RT1_first_assignment/src/install/pck_assignment1/share/pck_assignment1/hook/cmake_prefix_path.dsv'
[24.029s] INFO:colcon.colcon_core.shell:Creating environment hook '/home/luchino/RT1_first_assignment/src/install/pck_assignment1/share/pck_assignment1/hook/cmake_prefix_path.sh'
[24.030s] Level 1:colcon.colcon_core.environment:checking '/home/luchino/RT1_first_assignment/src/install/pck_assignment1/lib'
[24.030s] Level 1:colcon.colcon_core.environment:checking '/home/luchino/RT1_first_assignment/src/install/pck_assignment1/bin'
[24.030s] Level 1:colcon.colcon_core.environment:checking '/home/luchino/RT1_first_assignment/src/install/pck_assignment1/lib/pkgconfig/pck_assignment1.pc'
[24.030s] Level 1:colcon.colcon_core.environment:checking '/home/luchino/RT1_first_assignment/src/install/pck_assignment1/lib/python3.12/site-packages'
[24.031s] Level 1:colcon.colcon_core.environment:checking '/home/luchino/RT1_first_assignment/src/install/pck_assignment1/bin'
[24.031s] INFO:colcon.colcon_core.shell:Creating package script '/home/luchino/RT1_first_assignment/src/install/pck_assignment1/share/pck_assignment1/package.ps1'
[24.032s] INFO:colcon.colcon_core.shell:Creating package descriptor '/home/luchino/RT1_first_assignment/src/install/pck_assignment1/share/pck_assignment1/package.dsv'
[24.033s] INFO:colcon.colcon_core.shell:Creating package script '/home/luchino/RT1_first_assignment/src/install/pck_assignment1/share/pck_assignment1/package.sh'
[24.034s] INFO:colcon.colcon_core.shell:Creating package script '/home/luchino/RT1_first_assignment/src/install/pck_assignment1/share/pck_assignment1/package.bash'
[24.036s] INFO:colcon.colcon_core.shell:Creating package script '/home/luchino/RT1_first_assignment/src/install/pck_assignment1/share/pck_assignment1/package.zsh'
[24.038s] Level 1:colcon.colcon_core.environment:create_file_with_runtime_dependencies(/home/luchino/RT1_first_assignment/src/install/pck_assignment1/share/colcon-core/packages/pck_assignment1)
[24.039s] Level 1:colcon.colcon_core.environment:create_environment_scripts_only(pck_assignment1)
[24.039s] Level 1:colcon.colcon_core.environment:checking '/home/luchino/RT1_first_assignment/src/install/pck_assignment1' for CMake module files
[24.040s] Level 1:colcon.colcon_core.environment:checking '/home/luchino/RT1_first_assignment/src/install/pck_assignment1' for CMake config files
[24.040s] Level 1:colcon.colcon_core.shell:create_environment_hook('pck_assignment1', 'cmake_prefix_path')
[24.040s] INFO:colcon.colcon_core.shell:Creating environment hook '/home/luchino/RT1_first_assignment/src/install/pck_assignment1/share/pck_assignment1/hook/cmake_prefix_path.ps1'
[24.041s] INFO:colcon.colcon_core.shell:Creating environment descriptor '/home/luchino/RT1_first_assignment/src/install/pck_assignment1/share/pck_assignment1/hook/cmake_prefix_path.dsv'
[24.041s] INFO:colcon.colcon_core.shell:Creating environment hook '/home/luchino/RT1_first_assignment/src/install/pck_assignment1/share/pck_assignment1/hook/cmake_prefix_path.sh'
[24.042s] Level 1:colcon.colcon_core.environment:checking '/home/luchino/RT1_first_assignment/src/install/pck_assignment1/lib'
[24.042s] Level 1:colcon.colcon_core.environment:checking '/home/luchino/RT1_first_assignment/src/install/pck_assignment1/bin'
[24.042s] Level 1:colcon.colcon_core.environment:checking '/home/luchino/RT1_first_assignment/src/install/pck_assignment1/lib/pkgconfig/pck_assignment1.pc'
[24.042s] Level 1:colcon.colcon_core.environment:checking '/home/luchino/RT1_first_assignment/src/install/pck_assignment1/lib/python3.12/site-packages'
[24.043s] Level 1:colcon.colcon_core.environment:checking '/home/luchino/RT1_first_assignment/src/install/pck_assignment1/bin'
[24.043s] INFO:colcon.colcon_core.shell:Creating package script '/home/luchino/RT1_first_assignment/src/install/pck_assignment1/share/pck_assignment1/package.ps1'
[24.044s] INFO:colcon.colcon_core.shell:Creating package descriptor '/home/luchino/RT1_first_assignment/src/install/pck_assignment1/share/pck_assignment1/package.dsv'
[24.044s] INFO:colcon.colcon_core.shell:Creating package script '/home/luchino/RT1_first_assignment/src/install/pck_assignment1/share/pck_assignment1/package.sh'
[24.044s] INFO:colcon.colcon_core.shell:Creating package script '/home/luchino/RT1_first_assignment/src/install/pck_assignment1/share/pck_assignment1/package.bash'
[24.045s] INFO:colcon.colcon_core.shell:Creating package script '/home/luchino/RT1_first_assignment/src/install/pck_assignment1/share/pck_assignment1/package.zsh'
[24.045s] Level 1:colcon.colcon_core.environment:create_file_with_runtime_dependencies(/home/luchino/RT1_first_assignment/src/install/pck_assignment1/share/colcon-core/packages/pck_assignment1)
[24.046s] DEBUG:colcon.colcon_parallel_executor.executor.parallel:closing loop
[24.046s] DEBUG:colcon.colcon_parallel_executor.executor.parallel:loop closed
[24.046s] DEBUG:colcon.colcon_parallel_executor.executor.parallel:run_until_complete finished with '0'
[24.046s] DEBUG:colcon.colcon_core.event_reactor:joining thread
[24.131s] INFO:colcon.colcon_core.plugin_system:Skipping extension 'colcon_notification.desktop_notification.notify_send': Could not find 'notify-send'
[24.131s] INFO:colcon.colcon_core.plugin_system:Skipping extension 'colcon_notification.desktop_notification.terminal_notifier': Not used on non-Darwin systems
[24.131s] INFO:colcon.colcon_core.plugin_system:Skipping extension 'colcon_notification.desktop_notification.win32': Not used on non-Windows systems
[24.131s] INFO:colcon.colcon_notification.desktop_notification:Sending desktop notification using 'notify2'
[24.201s] DEBUG:colcon.colcon_notification.desktop_notification.notify2:Failed to initialize notify2: org.freedesktop.DBus.Error.ServiceUnknown: The name org.freedesktop.Notifications was not provided by any .service files
[24.201s] DEBUG:colcon.colcon_core.event_reactor:joined thread
[24.201s] INFO:colcon.colcon_core.shell:Creating prefix script '/home/luchino/RT1_first_assignment/src/install/local_setup.ps1'
[24.203s] INFO:colcon.colcon_core.shell:Creating prefix util module '/home/luchino/RT1_first_assignment/src/install/_local_setup_util_ps1.py'
[24.204s] INFO:colcon.colcon_core.shell:Creating prefix chain script '/home/luchino/RT1_first_assignment/src/install/setup.ps1'
[24.206s] INFO:colcon.colcon_core.shell:Creating prefix script '/home/luchino/RT1_first_assignment/src/install/local_setup.sh'
[24.207s] INFO:colcon.colcon_core.shell:Creating prefix util module '/home/luchino/RT1_first_assignment/src/install/_local_setup_util_sh.py'
[24.207s] INFO:colcon.colcon_core.shell:Creating prefix chain script '/home/luchino/RT1_first_assignment/src/install/setup.sh'
[24.209s] INFO:colcon.colcon_core.shell:Creating prefix script '/home/luchino/RT1_first_assignment/src/install/local_setup.bash'
[24.210s] INFO:colcon.colcon_core.shell:Creating prefix chain script '/home/luchino/RT1_first_assignment/src/install/setup.bash'
[24.212s] INFO:colcon.colcon_core.shell:Creating prefix script '/home/luchino/RT1_first_assignment/src/install/local_setup.zsh'
[24.213s] INFO:colcon.colcon_core.shell:Creating prefix chain script '/home/luchino/RT1_first_assignment/src/install/setup.zsh'
